-----------------------------------------------------------
watchpoint_hit for test_1 attributes:
name =  Default/network-WithLossCell/_backbone-AlexNet/conv1-Conv2d/Conv2D-op369
slot =  1
condition =  6
watchpoint_id =  1
parameter  0  name =  param
parameter  0  disabled =  False
parameter  0  value =  0.0
parameter  0  hit =  True
parameter  0  actual_value =  -0.020966000854969025
error code =  0
rank_id =  0
root_graph_id =  0
-----------------------------------------------------------
watchpoint_hit for test_4 attributes:
name =  Default/network-WithLossCell/_backbone-AlexNet/fc3-Dense/Parameter[6]_11/fc2.bias
slot =  0
condition =  18
watchpoint_id =  3
parameter  0  name =  abs_mean_update_ratio_gt
parameter  0  disabled =  False
parameter  0  value =  0.0
parameter  0  hit =  True
parameter  0  actual_value =  1.0156775705209766
parameter  1  name =  epsilon
parameter  1  disabled =  True
parameter  1  value =  0.0
parameter  1  hit =  False
parameter  1  actual_value =  0.0
error code =  0
rank_id =  0
root_graph_id =  0
