-----------------------------------------------------------
tensor_info_1 attributes:
node name =  Default/network-WithLossCell/_backbone-AlexNet/conv2-Conv2d/conv2.bias
slot =  0
iteration =  2
device_id =  None
root_graph_id =  0
is_parameter =  True

tensor_data_1 attributes:
data (printed in uint8) =  [230 208  10  52 104  34 252  52   4 231 144  52 188 150  64 180  88 236
  15 180 254 135 180  51 131 226 147  52  88 202  62  53   2  43  55  53
 231  29  87 180 220 249  30 180 157  17 177 180  81 107 140 181   8  95
 192 180  89 134 112 180  96 238  90 178 156 196 212 180 206  25  15 181
 212 154   6 180  91 211 116  52 191  14 140  51 128 106 124  53  28 158
  70 181 182  21 251  50 100 204 157 179  88 202  42 180   7  95   8  53
 128 251 238  52 241 133 241  52 111  86 157 179  48 221 148 180 200   7
 141 180 236 226 182  51 190  82 158 180 140 108 179 180 195 134 215 179
 103 213  39 179  89 168 149 180  42  58  58 180  64  53  62 179 250 126
 158  52  38  83 117  52   0   0 136 180 136 133 122  51 110  18 131 179
 238  13  94  51 102 136  15 181 134  90 227 180  16  11 117 180  35  74
 163  52 105   0  87 181 112  18 131  50 226 233  67 181 217 172  10  52
 206  25 217  52 208 213  22  52 146 203  87 180  74  46 207  52 178 191
   4 180 100  93 216  52 119 190 171 180 223   2   5 181 128  72 207 179
  58 146  11 179 224  79 137  52 143 228 154 180 246 219 215 179  14  79
 195  52 126  29  64  52 132 192  42  51  94 220  86  52  94 109   1 181
  72  37 117 178 110 197  94 180 160  94 153 179 118 224  80 181 156  17
  37  50 120 156 162  53  26 115 135 180 228  20  29  53 145 126 147  52
  99  16  48 180 211 188 199 180  52  51  99 180  93 254 227  52 152 126
 123  49   6  18  16 181   5 163 130  51  27 158  98  53 134 235 189  52
 119  45   9 180 130 115 110  52 158 128 162  52 232 251 197 180 178  46
 158 179  57 214 157  52 172 207 161 180 208   0 222  49 242  99  32  53
  20 174 135  50 247 117 176  52 194  57  43 180 140 108 135  51 243  65
 175  51 187  73 156  51  63 232 217  50 180 234 115  52 194 168 148  52
  27 192 183 180  45 178 157  52 125 208  17  53 236 192  65  53 190 193
   7  53 254 246  57  53   3  43 199  51  64 164 215 180 220 104 240  51
  23  72  24 180  68 173   9  51  72 114  29  53 105   0  57 181 188 150
   8  53 229  97 131  53   0  34 189  51 163 146  74  53  31 244 204  51
  86 193 220 180 156  51 146 179]
size in bytes =  512
debugger dtype =  11
shape =  [128]
-----------------------------------------------------------
tensor_info_2 attributes:
node name =  Default/network-WithLossCell/_backbone-AlexNet/conv3-Conv2d/Conv2D-op171
slot =  0
iteration =  2
device_id =  None
root_graph_id =  0
is_parameter =  False

tensor_data_2 attributes:
data (printed in uint8) =  [ 99  26  69 ... 154 218 164]
size in bytes =  2076672
debugger dtype =  10
shape =  [32, 192, 13, 13]
-----------------------------------------------------------
tensor_info_3 attributes:
node name =  Default/network-WithLossCell/_backbone-AlexNet/ReLUV2-op353
slot =  1
iteration =  2
device_id =  None
root_graph_id =  0
is_parameter =  False

tensor_data_3 attributes:
data (printed in uint8) =  [19 17 27 ... 94 42 90]
size in bytes =  129792
debugger dtype =  6
shape =  [32, 12, 13, 13, 2]
